[2026-08-01T19:00:20.477Z] [INFO] Scheduled task: Full anatomy rescan (0 */6 * * *)
[2026-08-01T19:00:20.480Z] [INFO] Scheduled task: Consolidate old memory (0 2 * * *)
[2026-08-01T19:00:20.481Z] [INFO] Scheduled task: Token audit report (0 0 * * 1)
[2026-08-01T19:00:20.482Z] [INFO] Scheduled task: Cerebrum reflection (0 3 * * 0)
[2026-08-01T19:00:20.483Z] [INFO] Scheduled task: AI suggestions (0 4 * * 1)
[2026-08-01T19:00:20.485Z] [INFO] File watcher started on .wolf/
[2026-08-01T19:00:20.486Z] [INFO] OpenWolf daemon started
[2026-08-01T19:00:20.493Z] [INFO] Dashboard server listening on 127.0.0.1:18793
[2026-08-01T22:00:00.008Z] [INFO] Executing task: Full anatomy rescan
[2026-08-01T22:00:00.269Z] [INFO] Task Full anatomy rescan completed in 261ms
[2026-08-02T04:00:00.004Z] [INFO] Executing task: Full anatomy rescan
[2026-08-02T04:00:00.138Z] [INFO] Task Full anatomy rescan completed in 134ms
[2026-08-02T04:36:58.602Z] [INFO] Config changed — hot-reload not fully implemented yet
[2026-08-02T10:00:00.004Z] [INFO] Executing task: Full anatomy rescan
[2026-08-02T10:00:00.339Z] [INFO] Task Full anatomy rescan completed in 334ms
[2026-08-02T16:00:00.006Z] [INFO] Executing task: Token audit report
[2026-08-02T16:00:00.016Z] [INFO] Task Token audit report completed in 9ms
[2026-08-02T16:00:00.017Z] [INFO] Executing task: Full anatomy rescan
[2026-08-02T16:00:00.203Z] [INFO] Task Full anatomy rescan completed in 186ms
[2026-08-02T18:00:00.003Z] [INFO] Executing task: Consolidate old memory
[2026-08-02T18:00:00.010Z] [INFO] Task Consolidate old memory completed in 6ms
[2026-08-02T20:00:00.004Z] [INFO] Executing task: AI suggestions
[2026-08-02T20:01:08.675Z] [INFO] Task AI suggestions completed in 68671ms
[2026-08-02T22:00:00.004Z] [INFO] Executing task: Full anatomy rescan
[2026-08-02T22:00:00.175Z] [INFO] Task Full anatomy rescan completed in 170ms
[2026-08-03T04:00:00.004Z] [INFO] Executing task: Full anatomy rescan
[2026-08-03T04:00:00.208Z] [INFO] Task Full anatomy rescan completed in 204ms
